#-----------------------------------------------------------
# Vivado v2015.4 (64-bit)
# SW Build 1412921 on Wed Nov 18 09:43:45 MST 2015
# IP Build 1412160 on Tue Nov 17 13:47:24 MST 2015
# Start of session at: Thu Jan 19 19:57:01 2017
# Process ID: 7204
# Current directory: E:/ComputerEngineering/Digital Systems Design/project/vivado project/envirementChangesDetection/final project/EnvirementChangesDetection
# Command line: vivado.exe -gui_launcher_event rodinguilauncherevent2200 E:\ComputerEngineering\Digital Systems Design\project\vivado project\envirementChangesDetection\final project\EnvirementChangesDetection\EnvirementChangesDetection.xpr
# Log file: E:/ComputerEngineering/Digital Systems Design/project/vivado project/envirementChangesDetection/final project/EnvirementChangesDetection/vivado.log
# Journal file: E:/ComputerEngineering/Digital Systems Design/project/vivado project/envirementChangesDetection/final project/EnvirementChangesDetection\vivado.jou
#-----------------------------------------------------------
start_gui
open_project {E:/ComputerEngineering/Digital Systems Design/project/vivado project/envirementChangesDetection/final project/EnvirementChangesDetection/EnvirementChangesDetection.xpr}
add_files -norecurse {{E:/ComputerEngineering/Digital Systems Design/project/vivado project/envirementChangesDetection/final project/ip_repo/source/imageRecognizerModule.vhd} {E:/ComputerEngineering/Digital Systems Design/project/vivado project/envirementChangesDetection/final project/ip_repo/source/TemperatureController.vhd} {E:/ComputerEngineering/Digital Systems Design/project/vivado project/envirementChangesDetection/final project/ip_repo/source/deviderFunc.vhd} {E:/ComputerEngineering/Digital Systems Design/project/vivado project/envirementChangesDetection/final project/ip_repo/source/LightController.vhd} {E:/ComputerEngineering/Digital Systems Design/project/vivado project/envirementChangesDetection/final project/ip_repo/edit_IOT_v1_0.srcs/sources_1/new/MainModule.vhd}}
create_bd_design "blockDesign"
startgroup
create_bd_cell -type ip -vlnv xilinx.com:ip:microblaze:9.5 microblaze_0
endgroup
delete_bd_objs [get_bd_cells microblaze_0]
startgroup
create_bd_cell -type ip -vlnv xilinx.com:ip:mdm:3.2 mdm_0
endgroup
delete_bd_objs [get_bd_cells mdm_0]
startgroup
create_bd_cell -type ip -vlnv xilinx.com:ip:mdm:3.2 mdm_0
endgroup
startgroup
create_bd_cell -type ip -vlnv xilinx.com:ip:microblaze_mcs:2.3 microblaze_mcs_0
endgroup
delete_bd_objs [get_bd_cells microblaze_mcs_0]
delete_bd_objs [get_bd_cells mdm_0]
startgroup
create_bd_cell -type ip -vlnv xilinx.com:ip:microblaze:9.5 microblaze_0
endgroup
set_property location {1.5 437 -92} [get_bd_cells microblaze_0]
startgroup
create_bd_cell -type ip -vlnv xilinx.com:ip:microblaze:9.5 microblaze_1
endgroup
delete_bd_objs [get_bd_cells microblaze_1]
startgroup
create_bd_cell -type ip -vlnv xilinx.com:ip:mdm:3.2 mdm_0
endgroup
set_property location {1.5 278 -113} [get_bd_cells mdm_0]
connect_bd_intf_net [get_bd_intf_pins mdm_0/MBDEBUG_0] [get_bd_intf_pins microblaze_0/DEBUG]
set_property location {2 665 -191} [get_bd_cells microblaze_0]
set_property location {1 242 -220} [get_bd_cells mdm_0]
set_property location {1 284 -398} [get_bd_cells mdm_0]
set_property location {2 675 -403} [get_bd_cells microblaze_0]
startgroup
create_bd_cell -type ip -vlnv xilinx.com:ip:proc_sys_reset:5.0 proc_sys_reset_0
endgroup
set_property location {1 297 -213} [get_bd_cells proc_sys_reset_0]
startgroup
create_bd_cell -type ip -vlnv xilinx.com:ip:axi_interconnect:2.1 axi_interconnect_0
endgroup
set_property location {2.5 1058 -387} [get_bd_cells axi_interconnect_0]
set_property location {3 1081 -355} [get_bd_cells axi_interconnect_0]
startgroup
create_bd_cell -type ip -vlnv xilinx.com:ip:clk_wiz:5.2 clk_wiz_0
endgroup
set_property location {1 77 -329} [get_bd_cells clk_wiz_0]
save_bd_design
startgroup
create_bd_cell -type ip -vlnv xilinx.com:ip:xlconcat:2.1 xlconcat_0
endgroup
set_property location {4 1069 -158} [get_bd_cells xlconcat_0]
set_property location {4 1173 -122} [get_bd_cells xlconcat_0]
startgroup
create_bd_cell -type ip -vlnv xilinx.com:ip:axi_intc:4.1 axi_intc_0
endgroup
set_property location {4.5 1580 -413} [get_bd_cells axi_intc_0]
set_property location {4 1282 -23} [get_bd_cells xlconcat_0]
set_property location {4 1280 33} [get_bd_cells xlconcat_0]
save_bd_design
startgroup
create_bd_cell -type ip -vlnv xilinx.com:ip:lmb_v10:3.0 lmb_v10_0
endgroup
delete_bd_objs [get_bd_cells lmb_v10_0]
startgroup
create_bd_cell -type ip -vlnv xilinx.com:ip:axi_dma:7.1 axi_dma_0
endgroup
delete_bd_objs [get_bd_cells axi_dma_0]
startgroup
create_bd_cell -type ip -vlnv xilinx.com:ip:lmb_bram_if_cntlr:4.0 lmb_bram_if_cntlr_0
endgroup
set_property location {1.5 326 -116} [get_bd_cells lmb_bram_if_cntlr_0]
delete_bd_objs [get_bd_cells lmb_bram_if_cntlr_0]
startgroup
create_bd_cell -type ip -vlnv xilinx.com:ip:lmb_bram_if_cntlr:4.0 lmb_bram_if_cntlr_0
endgroup
set_property location {1.5 412 -140} [get_bd_cells lmb_bram_if_cntlr_0]
delete_bd_objs [get_bd_cells lmb_bram_if_cntlr_0]
startgroup
create_bd_cell -type ip -vlnv xilinx.com:ip:system_cache:3.1 system_cache_0
endgroup
set_property location {1.5 336 -340} [get_bd_cells system_cache_0]
delete_bd_objs [get_bd_cells system_cache_0]
startgroup
create_bd_cell -type ip -vlnv xilinx.com:ip:axi_bram_ctrl:4.0 axi_bram_ctrl_0
endgroup
delete_bd_objs [get_bd_cells axi_bram_ctrl_0]
startgroup
create_bd_cell -type ip -vlnv xilinx.com:ip:mdm:3.2 mdm_1
endgroup
set_property location {1.5 391 -178} [get_bd_cells mdm_1]
delete_bd_objs [get_bd_cells mdm_1]
startgroup
create_bd_cell -type ip -vlnv xilinx.com:ip:microblaze_mcs:2.3 microblaze_mcs_0
endgroup
delete_bd_objs [get_bd_cells microblaze_mcs_0]
delete_bd_objs [get_bd_cells proc_sys_reset_0]
delete_bd_objs [get_bd_cells clk_wiz_0]
delete_bd_objs [get_bd_cells xlconcat_0]
delete_bd_objs [get_bd_cells axi_interconnect_0]
delete_bd_objs [get_bd_cells axi_intc_0]
delete_bd_objs [get_bd_intf_nets mdm_0_MBDEBUG_0] [get_bd_cells microblaze_0]
delete_bd_objs [get_bd_cells mdm_0]
startgroup
create_bd_cell -type ip -vlnv xilinx.com:ip:microblaze:9.5 microblaze_0
endgroup
apply_bd_automation -rule xilinx.com:bd_rule:microblaze -config {local_mem "16KB" ecc "None" cache "8KB" debug_module "Debug Only" axi_periph "Enabled" axi_intc "0" clk "New Clocking Wizard (100 MHz)" }  [get_bd_cells microblaze_0]
apply_bd_automation -rule xilinx.com:bd_rule:microblaze -config {local_mem "8KB" ecc "None" cache "4KB" debug_module "Debug Only" axi_periph "Enabled" axi_intc "0" clk "New Clocking Wizard (100 MHz)" }  [get_bd_cells microblaze_0]
apply_bd_automation -rule xilinx.com:bd_rule:microblaze -config {local_mem "4KB" ecc "None" cache "None" debug_module "Debug Only" axi_periph "Enabled" axi_intc "0" clk "New Clocking Wizard (100 MHz)" }  [get_bd_cells microblaze_0]
apply_bd_automation -rule xilinx.com:bd_rule:microblaze -config {local_mem "4KB" ecc "None" cache "None" debug_module "Debug Only" axi_periph "Enabled" axi_intc "1" clk "New Clocking Wizard (100 MHz)" }  [get_bd_cells microblaze_0]
apply_bd_automation -rule xilinx.com:bd_rule:microblaze -config {local_mem "8KB" ecc "None" cache "None" debug_module "Debug Only" axi_periph "Enabled" axi_intc "0" clk "New Clocking Wizard (100 MHz)" }  [get_bd_cells microblaze_0]
